Mm^Xm, Mm^Xm, Mm^Xm, Mm^Xm, Mm^Xm, Mm^Xm, Mm^Xm, Mm^Xm, Mm^Xm, Mm^Xm, Mm^Xm, Mm^Xm, Mm^Xm, Mm^Xm, Mm^Xm, Mm^Xm, Mm^Xm, Mm^Xm, Mm^Xm, Mm^Xm, Mm^Xm, Mm^Xm, Mm^Xm, Mm^Xm, Mm^Xm, Mm^Xm, Mm^Xm, Mm^Xm, Mm^Xm, Mm^Xm, Mm^Xm, Mm^Xm, Mm^Xm, Mm^Xm, Mm^Xm, Mm^Xm, Mm^Xm
Mm^Xm, Mm^Xm, Mm^Xm, Mm^Xm, Mm^Xm, Mm^Xm, Mm^Xm, Mm^Xm, Xu, Mm^Xm, Xu, Xu, Xu, Mm^Xm, Mm^Xm, Mm^Xm, Mm^Xm, Mm^Xm, Mm^Xm, Mm^Xm, Mm, Mm^Xm, Mm^Xm, Mm^Xm, Mm^Xm, Mm^Xm, Mm^Xm, Mm^Xm, Mm, Mm, Hh^Fp, Mm, Mm, Mm^Xm, Mm^Xm, Mm^Xm, Mm
Mm^Xm, Mm^Xm, Mm^Xm, Mm^Xm, Mm^Xm, Mm^Xm, Mm^Xm, Xu, Kte, Xu, Uu^Vu, Uh, Uu^Vu, Xu, Mm^Xm, Mm^Xm, Mm, Mm, Hh^Vo, Mm, Mm, Mm, Mm, Mm^Xm, Mm, Mm^Xm, Mm, Mm, Gg^Es, Hh, Hh^Vo, Mm, Mm, Mm, Mm, Mm, Rd
Mm^Xm, Mm^Xm, Mm^Xm, Mm^Xm, Mm^Xm, Mm^Xm, Mm^Xm, Xu, Kte, Qxu, Uh, Uu, Uu, Xu, Mm, Mm, Mm, Mm, Rd, Mm, Rd, Mm, Mm, Mm, Mm, Mm, Hh, Gg, Hh, Hh, Mm, Mm, Hh, Mm, Hh, Mm, Rd
Mm^Xm, Mm^Xm, Mm^Xm, Mm^Xm, Mm^Xm, Mm^Xm, Mm^Xm, Xu, Xu, Qxu, Xu, Uu, Hh, Xu, Gll^Fp, Mm, Rd, Rd, Mm, Rd, Hh, Rd, Rd, Mm, Mm, Hh, Gg^Efm, Gg, Gg, Hh, Hh, Hh, Hh, 1 Hh, 2 Rd, Rd, Mm
Mm^Xm, Mm^Xm, Mm^Xm, Mm^Xm, Mm^Xm, Mm^Xm, Mm^Xm, Mm^Xm, Mm, Xu, Hh, Hh, Rd, Gll^Fp, Rd, Rd, Gg, Mm, Hh, Hh, Mm, Mm, Gg, Rd, Rd, Gg, Hh, Hh, Mm, Gg, Rd, Rd, Rd, Rd, Mm, Mm, Mm^Xm
Mm^Xm, Mm^Xm, Mm^Xm, Mm^Xm, Mm^Xm, Mm^Xm, Mm, Mm, Mm, Mm, Rd, Rd, Hh, Rd, Mm, Gg^Es, Hh, Hh, Mm, Mm, Mm, Mm, Hh, Gll^Fp, Hh^Fp, Hh^Fp, Mm, Mm, Mm, Hh, Hh, Hh^Vo, Mm, Mm, Mm, Mm, Mm^Xm
Mm^Xm, Mm^Xm, Mm^Xm, Mm^Xm, Mm, Mm, Mm, Mm, Rd, Rd, Mm, Hh, Hh, Mm, Mm, Gg, Hh^Vo, Mm, Mm, Mm, Mm, Mm, Hh^Fp, Hh, Mm, Hh, Mm, Mm, Hh, Mm, Mm, Hh, Mm, Mm, Mm, Mm, Mm^Xm
Mm^Xm, Mm^Xm, Mm, Mm, Mm, Mm, Mm, Gll^Fp, Gg, Mm, Hh^Vo, Mm, Mm^Xm, Mm, Mm, Hh, Mm, Mm, Mm^Xm, Mm^Xm, Mm^Xm, Mm, Mm, Mm, Mm, Mm, Mm, Mm, Mm^Xm, Mm, Mm, Mm, Mm, Mm, Mm^Xm, Mm^Xm, Mm^Xm
Mm^Xm, Mm^Xm, Mm, Mm, Hh^Vo, Hh, Hh, Gll^Fp, Gg, Gg^Efm, Gll^Fp, Hh, Mm^Xm, Mm^Xm, Mm^Xm, Mm, Mm^Xm, Mm, Mm^Xm, Mm^Xm, Mm^Xm, Mm^Xm, Mm^Xm, Mm, Mm^Xm, Mm^Xm, Mm^Xm, Mm^Xm, Mm^Xm, Mm^Xm, Mm^Xm, Mm^Xm, Mm^Xm, Mm^Xm, Mm^Xm, Mm^Xm, Mm^Xm
Ss, Mm^Xm, Ww, Mm, Mm, Hh, Mm, Hh, Hh, Rd, Mm, Mm, Mm, Mm^Xm, Mm^Xm, Mm^Xm, Ww, Ww, Wo, Ww, Wo, Ww, Ww, Mm^Xm, Ww, Mm^Xm, Mm^Xm, Mm^Xm, Mm^Xm, Mm^Xm, Mm^Xm, Mm^Xm, Mm^Xm, Mm^Xm, Mm^Xm, Mm^Xm, Mm^Xm
Ww, Ww, Ww, Ww, Ss, Mm, Mm, Mm, Hh, Rd, Rd, Mm, Mm, Mm^Xm, Mm^Xm, Mm^Xm, Wo, Wo, Wo, Wo, Wo, Wo, Wo, Wo, Ww, Ww, Mm^Xm, Mm^Xm, Mm^Xm, Mm^Xm, Mm^Xm, Mm^Xm, Mm^Xm, Mm^Xm, Mm^Xm, Mm^Xm, Mm^Xm
Ww, Ww, Xu, Ww, Ss, Mm, Mm, Hh, Mm, Mm, Gll^Fp, Rd, Mm, Mm, Wo, Wo, Mm, Wo, Ww, Wo, Ww, Ww, Ww, Ww, Mm, Mm^Xm, Mm^Xm, Mm^Xm, Mm^Xm, Mm^Xm, Mm^Xm, Mm^Xm, Mm^Xm, Mm^Xm, Mm^Xm, Mm^Xm, Mm^Xm
Xu, Xu, Uu, Xu, Xu, Xu, Ur, Hh, Mm, Mm, Wwf, Rd, Mm, Wo, Hh, Ww, Mm, Mm, Mm^Xm, Mm^Xm, Mm^Xm, Mm^Xm, Mm, Mm, Mm, Mm, Mm^Xm, Mm^Xm, Mm^Xm, Mm^Xm, Mm^Xm, Mm^Xm, Mm^Xm, Mm^Xm, Mm^Xm, Mm^Xm, Mm^Xm
Xu, Xu, Xu, Xu, Ss, Uu^Tf, Ur, Ur, Xu, Hh, Hh, Wwf^Es, Ww^Es, Wo, Hh^Fp, Ww, Mm, Mm, Mm, Mm^Xm, Mm, Mm, Mm, Mm, Mm, Mm, Mm^Xm, Mm^Xm, Mm^Xm, Mm^Xm, Xu, Mm^Xm, Xu, Mm^Xm, Xu, Mm^Xm, Mm^Xm
Xu, Ss, Uu^Vu, Ss, Uu^Vu, Ss, Ur, Xu, Ww, Hh, Ww^Es, Wwf, Wwf^Es, Ww, Ww, Mm, Mm^Vhh, Mm, Mm, Mm, Mm, Mm, Hh, Gg^Efm, Mm, Mm, Mm^Xm, Mm^Xm, Xu, Xu, Uu^Vu, Xu, Uu^Tf, Xu, Uh, Xu, Xu
Xu, Ss, Ur, Ur, Ur, Ss, Uu^Vu, Xu, Ww, Ww, Mm, Mm, Wwf, Hh^Fp, Hh^Fp, Mm, Hh^Fp, Hh^Fp, Mm, Mm, Mm, Gll^Fp, Gg^Efm, Hh, Mm, Mm, Xu, Xu, Uh, Uu^Tf, Uu, Uu, Ur, Uh, Uu^Vu, Uu, Ql
Xu, Xu, Ur, Ss, Ss, Uu^Tf, Ss, Xu, Ww, Mm, Mm, Mm, Mm, Rd, Rd, Hh^Fp, Hh^Fp, Gg, Gg, Gg^Es, Gg, Gll^Fp, Gg, Mm, Mm, Mm, Xu, Uh, Uu, Uu, Xu, Uu, Uu, Ur, Ql, Uu, Ql
Xu, Xu, Ur, Uu, Uu, Uu^Vu, Xu, Xu, Ww, Mm, Mm, Mm, Gll^Fp, Gll^Fp, Mm, Rd, Rd, Rd, Rd, Rd, Rd, Rd, Rd, Mm, Mm, Mm, Uu, Uh, Uu, Xu, Ur, Uu^Vu, Ql, Ql, Uu, Uu, Uh
Uu, Ss, Co, Co, Co, Ss, Xu, Ww, Mm^Xm, Ww, Mm, Mm, Gll^Fp, Gll^Fp, Gll^Fp, Mm, Mm, Mm, Gll^Fp, Mm, Mm, Gll^Fp, Gll^Fp, Rd, Rd, Rd, Uu, Uu, Uu^Vu, Ur, Uu, Ur, Ql^Bs\, Uu, Cud, Uu, Cud
Uu, Uu^Tf, Ur, Ko, Xu, Xu, Mm^Xm, Mm^Xm, Mm^Xm, Ww, Mm, Mm, Mm, Mm, Mm, Gll^Fp, Mm, Gll^Fp, Hh^Fp, Mm, Hh, Gg^Fet, Mm, Hh, Mm, Mm, Xu, Uh, Uh, Uu, Ql, Ql, Uh, Ur, Cud, Cud, Cud
Ur, Ur, Xu, Xu, Mm^Xm, Mm^Xm, Mm^Xm, Mm^Xm, Mm^Xm, Ww, Ww, Mm, Mm, Mm, Mm, Gll^Fp, Gll^Fp, Hh^Fp, Mm, Hh^Vo, Mm, Hh^Fp, Mm, Mm, Mm, Mm, Mm, Xu, Uu, Uu, Ql, Uu, Uh, Ur, Cud, Kud, Cud
Xu, Xu, Mm^Xm, Mm^Xm, Mm^Xm, Mm^Xm, Mm^Xm, Mm^Xm, Mm^Xm, Mm^Xm, Ww, Mm, Mm, Mm, Mm, Hh, Mm, Mm, Mm, Mm, Mm, Mm, Mm, Mm, Mm, Mm, Mm, Xu, Xu, Uu, Ql, Uu, Uu, Ur, Cud, Cud, Cud
